CRITICAL - 2022-05-27 04:52:37 --> Invalid file: welcome_message.php
#0 C:\xampp\htdocs\vegbaskets\system\View\View.php(198): CodeIgniter\Exceptions\FrameworkException::forInvalidFile('welcome_message...')
#1 C:\xampp\htdocs\vegbaskets\system\Common.php(1089): CodeIgniter\View\View->render('welcome_message', Array, true)
#2 C:\xampp\htdocs\vegbaskets\app\Controllers\Home.php(9): view('welcome_message')
#3 C:\xampp\htdocs\vegbaskets\system\CodeIgniter.php(832): App\Controllers\Home->index()
#4 C:\xampp\htdocs\vegbaskets\system\CodeIgniter.php(419): CodeIgniter\CodeIgniter->runController(Object(App\Controllers\Home))
#5 C:\xampp\htdocs\vegbaskets\system\CodeIgniter.php(326): CodeIgniter\CodeIgniter->handleRequest(NULL, Object(Config\Cache), false)
#6 C:\xampp\htdocs\vegbaskets\index.php(37): CodeIgniter\CodeIgniter->run()
#7 {main}
CRITICAL - 2022-05-27 04:52:48 --> Invalid file: welcome_message.php
#0 C:\xampp\htdocs\vegbaskets\system\View\View.php(198): CodeIgniter\Exceptions\FrameworkException::forInvalidFile('welcome_message...')
#1 C:\xampp\htdocs\vegbaskets\system\Common.php(1089): CodeIgniter\View\View->render('welcome_message', Array, true)
#2 C:\xampp\htdocs\vegbaskets\app\Controllers\Home.php(9): view('welcome_message')
#3 C:\xampp\htdocs\vegbaskets\system\CodeIgniter.php(832): App\Controllers\Home->index()
#4 C:\xampp\htdocs\vegbaskets\system\CodeIgniter.php(419): CodeIgniter\CodeIgniter->runController(Object(App\Controllers\Home))
#5 C:\xampp\htdocs\vegbaskets\system\CodeIgniter.php(326): CodeIgniter\CodeIgniter->handleRequest(NULL, Object(Config\Cache), false)
#6 C:\xampp\htdocs\vegbaskets\index.php(37): CodeIgniter\CodeIgniter->run()
#7 {main}
CRITICAL - 2022-05-27 04:52:48 --> Invalid file: welcome_message.php
#0 C:\xampp\htdocs\vegbaskets\system\View\View.php(198): CodeIgniter\Exceptions\FrameworkException::forInvalidFile('welcome_message...')
#1 C:\xampp\htdocs\vegbaskets\system\Common.php(1089): CodeIgniter\View\View->render('welcome_message', Array, true)
#2 C:\xampp\htdocs\vegbaskets\app\Controllers\Home.php(9): view('welcome_message')
#3 C:\xampp\htdocs\vegbaskets\system\CodeIgniter.php(832): App\Controllers\Home->index()
#4 C:\xampp\htdocs\vegbaskets\system\CodeIgniter.php(419): CodeIgniter\CodeIgniter->runController(Object(App\Controllers\Home))
#5 C:\xampp\htdocs\vegbaskets\system\CodeIgniter.php(326): CodeIgniter\CodeIgniter->handleRequest(NULL, Object(Config\Cache), false)
#6 C:\xampp\htdocs\vegbaskets\index.php(37): CodeIgniter\CodeIgniter->run()
#7 {main}
CRITICAL - 2022-05-27 04:52:49 --> Invalid file: welcome_message.php
#0 C:\xampp\htdocs\vegbaskets\system\View\View.php(198): CodeIgniter\Exceptions\FrameworkException::forInvalidFile('welcome_message...')
#1 C:\xampp\htdocs\vegbaskets\system\Common.php(1089): CodeIgniter\View\View->render('welcome_message', Array, true)
#2 C:\xampp\htdocs\vegbaskets\app\Controllers\Home.php(9): view('welcome_message')
#3 C:\xampp\htdocs\vegbaskets\system\CodeIgniter.php(832): App\Controllers\Home->index()
#4 C:\xampp\htdocs\vegbaskets\system\CodeIgniter.php(419): CodeIgniter\CodeIgniter->runController(Object(App\Controllers\Home))
#5 C:\xampp\htdocs\vegbaskets\system\CodeIgniter.php(326): CodeIgniter\CodeIgniter->handleRequest(NULL, Object(Config\Cache), false)
#6 C:\xampp\htdocs\vegbaskets\index.php(37): CodeIgniter\CodeIgniter->run()
#7 {main}
CRITICAL - 2022-05-27 04:52:49 --> Invalid file: welcome_message.php
#0 C:\xampp\htdocs\vegbaskets\system\View\View.php(198): CodeIgniter\Exceptions\FrameworkException::forInvalidFile('welcome_message...')
#1 C:\xampp\htdocs\vegbaskets\system\Common.php(1089): CodeIgniter\View\View->render('welcome_message', Array, true)
#2 C:\xampp\htdocs\vegbaskets\app\Controllers\Home.php(9): view('welcome_message')
#3 C:\xampp\htdocs\vegbaskets\system\CodeIgniter.php(832): App\Controllers\Home->index()
#4 C:\xampp\htdocs\vegbaskets\system\CodeIgniter.php(419): CodeIgniter\CodeIgniter->runController(Object(App\Controllers\Home))
#5 C:\xampp\htdocs\vegbaskets\system\CodeIgniter.php(326): CodeIgniter\CodeIgniter->handleRequest(NULL, Object(Config\Cache), false)
#6 C:\xampp\htdocs\vegbaskets\index.php(37): CodeIgniter\CodeIgniter->run()
#7 {main}
CRITICAL - 2022-05-27 04:52:59 --> Invalid file: welcome_message.php
#0 C:\xampp\htdocs\vegbaskets\system\View\View.php(198): CodeIgniter\Exceptions\FrameworkException::forInvalidFile('welcome_message...')
#1 C:\xampp\htdocs\vegbaskets\system\Common.php(1089): CodeIgniter\View\View->render('welcome_message', Array, true)
#2 C:\xampp\htdocs\vegbaskets\app\Controllers\Home.php(9): view('welcome_message')
#3 C:\xampp\htdocs\vegbaskets\system\CodeIgniter.php(832): App\Controllers\Home->index()
#4 C:\xampp\htdocs\vegbaskets\system\CodeIgniter.php(419): CodeIgniter\CodeIgniter->runController(Object(App\Controllers\Home))
#5 C:\xampp\htdocs\vegbaskets\system\CodeIgniter.php(326): CodeIgniter\CodeIgniter->handleRequest(NULL, Object(Config\Cache), false)
#6 C:\xampp\htdocs\vegbaskets\index.php(37): CodeIgniter\CodeIgniter->run()
#7 {main}
CRITICAL - 2022-05-27 04:53:42 --> Invalid file: welcome_message.php
#0 C:\xampp\htdocs\vegbaskets\system\View\View.php(198): CodeIgniter\Exceptions\FrameworkException::forInvalidFile('welcome_message...')
#1 C:\xampp\htdocs\vegbaskets\system\Common.php(1089): CodeIgniter\View\View->render('welcome_message', Array, true)
#2 C:\xampp\htdocs\vegbaskets\app\Controllers\Home.php(9): view('welcome_message')
#3 C:\xampp\htdocs\vegbaskets\system\CodeIgniter.php(832): App\Controllers\Home->index()
#4 C:\xampp\htdocs\vegbaskets\system\CodeIgniter.php(419): CodeIgniter\CodeIgniter->runController(Object(App\Controllers\Home))
#5 C:\xampp\htdocs\vegbaskets\system\CodeIgniter.php(326): CodeIgniter\CodeIgniter->handleRequest(NULL, Object(Config\Cache), false)
#6 C:\xampp\htdocs\vegbaskets\index.php(37): CodeIgniter\CodeIgniter->run()
#7 {main}
CRITICAL - 2022-05-27 04:54:01 --> Invalid file: welcome_message.php
#0 C:\xampp\htdocs\vegbaskets\system\View\View.php(198): CodeIgniter\Exceptions\FrameworkException::forInvalidFile('welcome_message...')
#1 C:\xampp\htdocs\vegbaskets\system\Common.php(1089): CodeIgniter\View\View->render('welcome_message', Array, true)
#2 C:\xampp\htdocs\vegbaskets\app\Controllers\Home.php(9): view('welcome_message')
#3 C:\xampp\htdocs\vegbaskets\system\CodeIgniter.php(832): App\Controllers\Home->index()
#4 C:\xampp\htdocs\vegbaskets\system\CodeIgniter.php(419): CodeIgniter\CodeIgniter->runController(Object(App\Controllers\Home))
#5 C:\xampp\htdocs\vegbaskets\system\CodeIgniter.php(326): CodeIgniter\CodeIgniter->handleRequest(NULL, Object(Config\Cache), false)
#6 C:\xampp\htdocs\vegbaskets\index.php(37): CodeIgniter\CodeIgniter->run()
#7 {main}
CRITICAL - 2022-05-27 04:54:04 --> Invalid file: welcome_message.php
#0 C:\xampp\htdocs\vegbaskets\system\View\View.php(198): CodeIgniter\Exceptions\FrameworkException::forInvalidFile('welcome_message...')
#1 C:\xampp\htdocs\vegbaskets\system\Common.php(1089): CodeIgniter\View\View->render('welcome_message', Array, true)
#2 C:\xampp\htdocs\vegbaskets\app\Controllers\Home.php(9): view('welcome_message')
#3 C:\xampp\htdocs\vegbaskets\system\CodeIgniter.php(832): App\Controllers\Home->index()
#4 C:\xampp\htdocs\vegbaskets\system\CodeIgniter.php(419): CodeIgniter\CodeIgniter->runController(Object(App\Controllers\Home))
#5 C:\xampp\htdocs\vegbaskets\system\CodeIgniter.php(326): CodeIgniter\CodeIgniter->handleRequest(NULL, Object(Config\Cache), false)
#6 C:\xampp\htdocs\vegbaskets\index.php(37): CodeIgniter\CodeIgniter->run()
#7 {main}
CRITICAL - 2022-05-27 04:54:14 --> Invalid file: welcome_message.php
#0 C:\xampp\htdocs\vegbaskets\system\View\View.php(198): CodeIgniter\Exceptions\FrameworkException::forInvalidFile('welcome_message...')
#1 C:\xampp\htdocs\vegbaskets\system\Common.php(1089): CodeIgniter\View\View->render('welcome_message', Array, true)
#2 C:\xampp\htdocs\vegbaskets\app\Controllers\Home.php(9): view('welcome_message')
#3 C:\xampp\htdocs\vegbaskets\system\CodeIgniter.php(832): App\Controllers\Home->index()
#4 C:\xampp\htdocs\vegbaskets\system\CodeIgniter.php(419): CodeIgniter\CodeIgniter->runController(Object(App\Controllers\Home))
#5 C:\xampp\htdocs\vegbaskets\system\CodeIgniter.php(326): CodeIgniter\CodeIgniter->handleRequest(NULL, Object(Config\Cache), false)
#6 C:\xampp\htdocs\vegbaskets\index.php(37): CodeIgniter\CodeIgniter->run()
#7 {main}
CRITICAL - 2022-05-27 04:54:15 --> Invalid file: welcome_message.php
#0 C:\xampp\htdocs\vegbaskets\system\View\View.php(198): CodeIgniter\Exceptions\FrameworkException::forInvalidFile('welcome_message...')
#1 C:\xampp\htdocs\vegbaskets\system\Common.php(1089): CodeIgniter\View\View->render('welcome_message', Array, true)
#2 C:\xampp\htdocs\vegbaskets\app\Controllers\Home.php(9): view('welcome_message')
#3 C:\xampp\htdocs\vegbaskets\system\CodeIgniter.php(832): App\Controllers\Home->index()
#4 C:\xampp\htdocs\vegbaskets\system\CodeIgniter.php(419): CodeIgniter\CodeIgniter->runController(Object(App\Controllers\Home))
#5 C:\xampp\htdocs\vegbaskets\system\CodeIgniter.php(326): CodeIgniter\CodeIgniter->handleRequest(NULL, Object(Config\Cache), false)
#6 C:\xampp\htdocs\vegbaskets\index.php(37): CodeIgniter\CodeIgniter->run()
#7 {main}
CRITICAL - 2022-05-27 04:54:16 --> Invalid file: welcome_message.php
#0 C:\xampp\htdocs\vegbaskets\system\View\View.php(198): CodeIgniter\Exceptions\FrameworkException::forInvalidFile('welcome_message...')
#1 C:\xampp\htdocs\vegbaskets\system\Common.php(1089): CodeIgniter\View\View->render('welcome_message', Array, true)
#2 C:\xampp\htdocs\vegbaskets\app\Controllers\Home.php(9): view('welcome_message')
#3 C:\xampp\htdocs\vegbaskets\system\CodeIgniter.php(832): App\Controllers\Home->index()
#4 C:\xampp\htdocs\vegbaskets\system\CodeIgniter.php(419): CodeIgniter\CodeIgniter->runController(Object(App\Controllers\Home))
#5 C:\xampp\htdocs\vegbaskets\system\CodeIgniter.php(326): CodeIgniter\CodeIgniter->handleRequest(NULL, Object(Config\Cache), false)
#6 C:\xampp\htdocs\vegbaskets\index.php(37): CodeIgniter\CodeIgniter->run()
#7 {main}
CRITICAL - 2022-05-27 04:54:18 --> Invalid file: welcome_message.php
#0 C:\xampp\htdocs\vegbaskets\system\View\View.php(198): CodeIgniter\Exceptions\FrameworkException::forInvalidFile('welcome_message...')
#1 C:\xampp\htdocs\vegbaskets\system\Common.php(1089): CodeIgniter\View\View->render('welcome_message', Array, true)
#2 C:\xampp\htdocs\vegbaskets\app\Controllers\Home.php(9): view('welcome_message')
#3 C:\xampp\htdocs\vegbaskets\system\CodeIgniter.php(832): App\Controllers\Home->index()
#4 C:\xampp\htdocs\vegbaskets\system\CodeIgniter.php(419): CodeIgniter\CodeIgniter->runController(Object(App\Controllers\Home))
#5 C:\xampp\htdocs\vegbaskets\system\CodeIgniter.php(326): CodeIgniter\CodeIgniter->handleRequest(NULL, Object(Config\Cache), false)
#6 C:\xampp\htdocs\vegbaskets\index.php(37): CodeIgniter\CodeIgniter->run()
#7 {main}
CRITICAL - 2022-05-27 05:02:48 --> Invalid file: inde.php
#0 C:\xampp\htdocs\vegbaskets\system\View\View.php(198): CodeIgniter\Exceptions\FrameworkException::forInvalidFile('inde.php')
#1 C:\xampp\htdocs\vegbaskets\system\Common.php(1089): CodeIgniter\View\View->render('inde.php', Array, true)
#2 C:\xampp\htdocs\vegbaskets\app\Controllers\Home.php(9): view('inde.php')
#3 C:\xampp\htdocs\vegbaskets\system\CodeIgniter.php(832): App\Controllers\Home->index()
#4 C:\xampp\htdocs\vegbaskets\system\CodeIgniter.php(419): CodeIgniter\CodeIgniter->runController(Object(App\Controllers\Home))
#5 C:\xampp\htdocs\vegbaskets\system\CodeIgniter.php(326): CodeIgniter\CodeIgniter->handleRequest(NULL, Object(Config\Cache), false)
#6 C:\xampp\htdocs\vegbaskets\index.php(37): CodeIgniter\CodeIgniter->run()
#7 {main}
CRITICAL - 2022-05-27 05:02:50 --> Invalid file: inde.php
#0 C:\xampp\htdocs\vegbaskets\system\View\View.php(198): CodeIgniter\Exceptions\FrameworkException::forInvalidFile('inde.php')
#1 C:\xampp\htdocs\vegbaskets\system\Common.php(1089): CodeIgniter\View\View->render('inde.php', Array, true)
#2 C:\xampp\htdocs\vegbaskets\app\Controllers\Home.php(9): view('inde.php')
#3 C:\xampp\htdocs\vegbaskets\system\CodeIgniter.php(832): App\Controllers\Home->index()
#4 C:\xampp\htdocs\vegbaskets\system\CodeIgniter.php(419): CodeIgniter\CodeIgniter->runController(Object(App\Controllers\Home))
#5 C:\xampp\htdocs\vegbaskets\system\CodeIgniter.php(326): CodeIgniter\CodeIgniter->handleRequest(NULL, Object(Config\Cache), false)
#6 C:\xampp\htdocs\vegbaskets\index.php(37): CodeIgniter\CodeIgniter->run()
#7 {main}
CRITICAL - 2022-05-27 05:02:50 --> Invalid file: inde.php
#0 C:\xampp\htdocs\vegbaskets\system\View\View.php(198): CodeIgniter\Exceptions\FrameworkException::forInvalidFile('inde.php')
#1 C:\xampp\htdocs\vegbaskets\system\Common.php(1089): CodeIgniter\View\View->render('inde.php', Array, true)
#2 C:\xampp\htdocs\vegbaskets\app\Controllers\Home.php(9): view('inde.php')
#3 C:\xampp\htdocs\vegbaskets\system\CodeIgniter.php(832): App\Controllers\Home->index()
#4 C:\xampp\htdocs\vegbaskets\system\CodeIgniter.php(419): CodeIgniter\CodeIgniter->runController(Object(App\Controllers\Home))
#5 C:\xampp\htdocs\vegbaskets\system\CodeIgniter.php(326): CodeIgniter\CodeIgniter->handleRequest(NULL, Object(Config\Cache), false)
#6 C:\xampp\htdocs\vegbaskets\index.php(37): CodeIgniter\CodeIgniter->run()
#7 {main}
CRITICAL - 2022-05-27 05:02:51 --> Invalid file: inde.php
#0 C:\xampp\htdocs\vegbaskets\system\View\View.php(198): CodeIgniter\Exceptions\FrameworkException::forInvalidFile('inde.php')
#1 C:\xampp\htdocs\vegbaskets\system\Common.php(1089): CodeIgniter\View\View->render('inde.php', Array, true)
#2 C:\xampp\htdocs\vegbaskets\app\Controllers\Home.php(9): view('inde.php')
#3 C:\xampp\htdocs\vegbaskets\system\CodeIgniter.php(832): App\Controllers\Home->index()
#4 C:\xampp\htdocs\vegbaskets\system\CodeIgniter.php(419): CodeIgniter\CodeIgniter->runController(Object(App\Controllers\Home))
#5 C:\xampp\htdocs\vegbaskets\system\CodeIgniter.php(326): CodeIgniter\CodeIgniter->handleRequest(NULL, Object(Config\Cache), false)
#6 C:\xampp\htdocs\vegbaskets\index.php(37): CodeIgniter\CodeIgniter->run()
#7 {main}
CRITICAL - 2022-05-27 05:02:51 --> Invalid file: inde.php
#0 C:\xampp\htdocs\vegbaskets\system\View\View.php(198): CodeIgniter\Exceptions\FrameworkException::forInvalidFile('inde.php')
#1 C:\xampp\htdocs\vegbaskets\system\Common.php(1089): CodeIgniter\View\View->render('inde.php', Array, true)
#2 C:\xampp\htdocs\vegbaskets\app\Controllers\Home.php(9): view('inde.php')
#3 C:\xampp\htdocs\vegbaskets\system\CodeIgniter.php(832): App\Controllers\Home->index()
#4 C:\xampp\htdocs\vegbaskets\system\CodeIgniter.php(419): CodeIgniter\CodeIgniter->runController(Object(App\Controllers\Home))
#5 C:\xampp\htdocs\vegbaskets\system\CodeIgniter.php(326): CodeIgniter\CodeIgniter->handleRequest(NULL, Object(Config\Cache), false)
#6 C:\xampp\htdocs\vegbaskets\index.php(37): CodeIgniter\CodeIgniter->run()
#7 {main}
CRITICAL - 2022-05-27 05:02:51 --> Invalid file: inde.php
#0 C:\xampp\htdocs\vegbaskets\system\View\View.php(198): CodeIgniter\Exceptions\FrameworkException::forInvalidFile('inde.php')
#1 C:\xampp\htdocs\vegbaskets\system\Common.php(1089): CodeIgniter\View\View->render('inde.php', Array, true)
#2 C:\xampp\htdocs\vegbaskets\app\Controllers\Home.php(9): view('inde.php')
#3 C:\xampp\htdocs\vegbaskets\system\CodeIgniter.php(832): App\Controllers\Home->index()
#4 C:\xampp\htdocs\vegbaskets\system\CodeIgniter.php(419): CodeIgniter\CodeIgniter->runController(Object(App\Controllers\Home))
#5 C:\xampp\htdocs\vegbaskets\system\CodeIgniter.php(326): CodeIgniter\CodeIgniter->handleRequest(NULL, Object(Config\Cache), false)
#6 C:\xampp\htdocs\vegbaskets\index.php(37): CodeIgniter\CodeIgniter->run()
#7 {main}
CRITICAL - 2022-05-27 05:02:52 --> Invalid file: inde.php
#0 C:\xampp\htdocs\vegbaskets\system\View\View.php(198): CodeIgniter\Exceptions\FrameworkException::forInvalidFile('inde.php')
#1 C:\xampp\htdocs\vegbaskets\system\Common.php(1089): CodeIgniter\View\View->render('inde.php', Array, true)
#2 C:\xampp\htdocs\vegbaskets\app\Controllers\Home.php(9): view('inde.php')
#3 C:\xampp\htdocs\vegbaskets\system\CodeIgniter.php(832): App\Controllers\Home->index()
#4 C:\xampp\htdocs\vegbaskets\system\CodeIgniter.php(419): CodeIgniter\CodeIgniter->runController(Object(App\Controllers\Home))
#5 C:\xampp\htdocs\vegbaskets\system\CodeIgniter.php(326): CodeIgniter\CodeIgniter->handleRequest(NULL, Object(Config\Cache), false)
#6 C:\xampp\htdocs\vegbaskets\index.php(37): CodeIgniter\CodeIgniter->run()
#7 {main}
CRITICAL - 2022-05-27 05:02:52 --> Invalid file: inde.php
#0 C:\xampp\htdocs\vegbaskets\system\View\View.php(198): CodeIgniter\Exceptions\FrameworkException::forInvalidFile('inde.php')
#1 C:\xampp\htdocs\vegbaskets\system\Common.php(1089): CodeIgniter\View\View->render('inde.php', Array, true)
#2 C:\xampp\htdocs\vegbaskets\app\Controllers\Home.php(9): view('inde.php')
#3 C:\xampp\htdocs\vegbaskets\system\CodeIgniter.php(832): App\Controllers\Home->index()
#4 C:\xampp\htdocs\vegbaskets\system\CodeIgniter.php(419): CodeIgniter\CodeIgniter->runController(Object(App\Controllers\Home))
#5 C:\xampp\htdocs\vegbaskets\system\CodeIgniter.php(326): CodeIgniter\CodeIgniter->handleRequest(NULL, Object(Config\Cache), false)
#6 C:\xampp\htdocs\vegbaskets\index.php(37): CodeIgniter\CodeIgniter->run()
#7 {main}
CRITICAL - 2022-05-27 05:06:39 --> Invalid file: index.php
#0 C:\xampp\htdocs\vegbaskets\system\View\View.php(198): CodeIgniter\Exceptions\FrameworkException::forInvalidFile('index.php')
#1 C:\xampp\htdocs\vegbaskets\system\Common.php(1089): CodeIgniter\View\View->render('index', Array, true)
#2 C:\xampp\htdocs\vegbaskets\app\Controllers\Home.php(9): view('index')
#3 C:\xampp\htdocs\vegbaskets\system\CodeIgniter.php(832): App\Controllers\Home->index()
#4 C:\xampp\htdocs\vegbaskets\system\CodeIgniter.php(419): CodeIgniter\CodeIgniter->runController(Object(App\Controllers\Home))
#5 C:\xampp\htdocs\vegbaskets\system\CodeIgniter.php(326): CodeIgniter\CodeIgniter->handleRequest(NULL, Object(Config\Cache), false)
#6 C:\xampp\htdocs\vegbaskets\index.php(37): CodeIgniter\CodeIgniter->run()
#7 {main}
